2026-10-01 18:43:33.312 [main] INFO  Freerouting v1.9.0 (build-date: 2023-10-30)
2026-10-01 18:43:33.411 [main] ERROR 
No X11 DISPLAY variable was set,
or no headful library support was found,
but this program performed an operation which requires it.
java.awt.HeadlessException: 
No X11 DISPLAY variable was set,
or no headful library support was found,
but this program performed an operation which requires it.
	at sun.awt.HeadlessToolkit.getScreenSize(HeadlessToolkit.java:186) ~[?:?]
	at app.freerouting.gui.MainApplication.main(MainApplication.java:269) ~[freerouting-1.9.0.jar:unspecified]
2026-10-01 18:43:33.436 [main] ERROR Exception in FRAnalytics.trackAnonymousAction: Cannot invoke "app.freerouting.management.SegmentClient.track(String, String, String, app.freerouting.management.segment.Properties)" because "app.freerouting.management.FRAnalytics.analytics" is null
java.lang.NullPointerException: Cannot invoke "app.freerouting.management.SegmentClient.track(String, String, String, app.freerouting.management.segment.Properties)" because "app.freerouting.management.FRAnalytics.analytics" is null
	at app.freerouting.management.FRAnalytics.trackAnonymousAction(FRAnalytics.java:139) [freerouting-1.9.0.jar:unspecified]
	at app.freerouting.management.FRAnalytics.exceptionThrown(FRAnalytics.java:323) [freerouting-1.9.0.jar:unspecified]
	at app.freerouting.gui.DefaultExceptionHandler.handleException(DefaultExceptionHandler.java:15) [freerouting-1.9.0.jar:unspecified]
	at app.freerouting.gui.DefaultExceptionHandler.uncaughtException(DefaultExceptionHandler.java:29) [freerouting-1.9.0.jar:unspecified]
	at java.lang.ThreadGroup.uncaughtException(ThreadGroup.java:695) [?:?]
	at java.lang.ThreadGroup.uncaughtException(ThreadGroup.java:690) [?:?]
	at java.lang.Thread.dispatchUncaughtException(Thread.java:2902) [?:?]
2026-10-01 18:47:12.722 [main] INFO  Freerouting v1.9.0 (build-date: 2023-10-30)
2026-10-01 18:47:12.801 [main] INFO  Settings were loaded from freerouting.json
2026-10-01 18:47:13.831 [main] INFO  Opening '/tmp/rc1_edit.dsn'...
2026-10-01 18:47:35.889 [Thread-28] INFO  Starting auto-routing...
2026-10-01 18:47:46.714 [Thread-28] INFO  Auto-routing was completed in 10.82 seconds.
2026-10-01 18:47:46.815 [Thread-28] INFO  Starting route optimization on 1 thread...
2026-10-01 18:47:57.872 [Thread-28] INFO  Route optimization was completed in 11.05 seconds.
2026-10-01 18:47:57.898 [Thread-28] INFO  Saving '/tmp/rc1.ses'...
2026-10-01 18:53:59.154 [main] INFO  Freerouting v1.9.0 (build-date: 2023-10-30)
2026-10-01 18:53:59.220 [main] INFO  Settings were loaded from freerouting.json
2026-10-01 18:54:00.250 [main] INFO  Opening '/tmp/rc1_edit.dsn'...
2026-10-01 18:54:22.469 [Thread-28] INFO  Starting auto-routing...
2026-10-01 18:54:33.212 [Thread-28] INFO  Auto-routing was completed in 10.74 seconds.
2026-10-01 18:54:33.315 [Thread-28] INFO  Starting route optimization on 1 thread...
2026-10-01 18:54:44.140 [Thread-28] INFO  Route optimization was completed in 10.82 seconds.
2026-10-01 18:54:44.164 [Thread-28] INFO  Saving '/tmp/rc1.ses'...
2026-10-01 18:55:33.533 [main] INFO  Freerouting v1.9.0 (build-date: 2023-10-30)
2026-10-01 18:55:33.611 [main] INFO  Settings were loaded from freerouting.json
2026-10-01 18:55:34.642 [main] INFO  Opening '/tmp/rc1_edit.dsn'...
2026-10-01 18:55:56.623 [Thread-28] INFO  Starting auto-routing...
2026-10-01 18:57:04.298 [main] INFO  Freerouting v1.9.0 (build-date: 2023-10-30)
2026-10-01 18:57:04.400 [main] INFO  Settings were loaded from freerouting.json
2026-10-01 18:57:05.444 [main] INFO  Opening '/tmp/rc1_edit.dsn'...
2026-10-01 18:57:27.545 [Thread-28] INFO  Starting auto-routing...
2026-10-01 18:57:38.385 [Thread-28] INFO  Auto-routing was completed in 10.84 seconds.
2026-10-01 18:57:38.487 [Thread-28] INFO  Starting route optimization on 1 thread...
2026-10-01 18:57:49.172 [Thread-28] INFO  Route optimization was completed in 10.68 seconds.
2026-10-01 18:57:49.196 [Thread-28] INFO  Saving '/tmp/rc1.ses'...
2026-10-01 18:58:29.990 [main] INFO  Freerouting v1.9.0 (build-date: 2023-10-30)
2026-10-01 18:58:30.053 [main] INFO  Settings were loaded from freerouting.json
2026-10-01 18:58:31.084 [main] INFO  Opening '/tmp/rc1_edit.dsn'...
2026-10-01 18:58:53.108 [Thread-28] INFO  Starting auto-routing...
2026-10-01 18:59:27.069 [main] INFO  Freerouting v1.9.0 (build-date: 2023-10-30)
2026-10-01 18:59:27.128 [main] INFO  Settings were loaded from freerouting.json
2026-10-01 18:59:28.155 [main] INFO  Opening '/tmp/rc1_edit.dsn'...
2026-10-01 18:59:49.979 [Thread-28] INFO  Starting auto-routing...
2026-10-01 19:00:01.920 [Thread-28] INFO  Auto-routing was completed in 11.94 seconds.
2026-10-01 19:00:02.023 [Thread-28] INFO  Starting route optimization on 1 thread...
2026-10-01 19:00:14.682 [Thread-28] INFO  Route optimization was completed in 12.66 seconds.
2026-10-01 19:00:14.704 [Thread-28] INFO  Saving '/tmp/rc1.ses'...
2026-10-01 19:01:05.656 [main] INFO  Freerouting v1.9.0 (build-date: 2023-10-30)
2026-10-01 19:01:05.716 [main] INFO  Settings were loaded from freerouting.json
2026-10-01 19:01:06.749 [main] INFO  Opening '/tmp/rc1_edit.dsn'...
2026-10-01 19:01:28.554 [Thread-28] INFO  Starting auto-routing...
2026-10-01 19:01:42.201 [Thread-28] INFO  Auto-routing was completed in 13.64 seconds.
2026-10-01 19:01:42.305 [Thread-28] INFO  Starting route optimization on 1 thread...
2026-10-01 19:01:53.724 [Thread-28] INFO  Route optimization was completed in 11.42 seconds.
2026-10-01 19:01:53.762 [Thread-28] INFO  Saving '/tmp/rc1.ses'...
2026-10-01 19:02:44.023 [main] INFO  Freerouting v1.9.0 (build-date: 2023-10-30)
2026-10-01 19:02:44.090 [main] INFO  Settings were loaded from freerouting.json
2026-10-01 19:02:45.129 [main] INFO  Opening '/tmp/rc1_edit.dsn'...
2026-10-01 19:03:08.143 [Thread-28] INFO  Starting auto-routing...
2026-10-01 19:03:22.872 [Thread-28] INFO  Auto-routing was completed in 14.73 seconds.
2026-10-01 19:03:22.975 [Thread-28] INFO  Starting route optimization on 1 thread...
2026-10-01 19:03:33.353 [Thread-28] INFO  Route optimization was completed in 10.38 seconds.
2026-10-01 19:03:33.378 [Thread-28] INFO  Saving '/tmp/rc1.ses'...
2026-10-01 19:16:04.820 [main] INFO  Freerouting v1.9.0 (build-date: 2023-10-30)
2026-10-01 19:16:04.884 [main] INFO  Settings were loaded from freerouting.json
2026-10-01 19:16:05.914 [main] INFO  Opening '/tmp/rc1_edit.dsn'...
2026-10-01 19:16:27.844 [Thread-28] INFO  Starting auto-routing...
2026-10-01 19:16:41.102 [Thread-28] INFO  Auto-routing was completed in 13.26 seconds.
2026-10-01 19:16:41.204 [Thread-28] INFO  Starting route optimization on 1 thread...
2026-10-01 19:16:53.262 [Thread-28] INFO  Route optimization was completed in 12.06 seconds.
2026-10-01 19:16:53.287 [Thread-28] INFO  Saving '/tmp/rc1.ses'...
2026-10-01 19:17:53.295 [main] INFO  Freerouting v1.9.0 (build-date: 2023-10-30)
2026-10-01 19:17:53.353 [main] INFO  Settings were loaded from freerouting.json
2026-10-01 19:17:54.395 [main] INFO  Opening '/tmp/rc1_edit.dsn'...
2026-10-01 19:18:16.621 [Thread-28] INFO  Starting auto-routing...
2026-10-01 19:18:25.533 [Thread-28] WARN  FloatLine: Parameter is null
2026-10-01 19:18:27.410 [Thread-28] INFO  Auto-routing was completed in 10.79 seconds.
2026-10-01 19:18:27.512 [Thread-28] INFO  Starting route optimization on 1 thread...
2026-10-01 19:18:38.362 [Thread-28] INFO  Route optimization was completed in 10.85 seconds.
2026-10-01 19:18:38.386 [Thread-28] INFO  Saving '/tmp/rc1.ses'...
2026-10-01 19:19:35.495 [main] INFO  Freerouting v1.9.0 (build-date: 2023-10-30)
2026-10-01 19:19:35.569 [main] INFO  Settings were loaded from freerouting.json
2026-10-01 19:19:36.594 [main] INFO  Opening '/tmp/rc1_edit.dsn'...
2026-10-01 19:19:58.505 [Thread-28] INFO  Starting auto-routing...
2026-10-01 19:20:10.600 [Thread-28] INFO  Auto-routing was completed in 12.09 seconds.
2026-10-01 19:20:10.701 [Thread-28] INFO  Starting route optimization on 1 thread...
2026-10-01 19:20:22.997 [Thread-28] INFO  Route optimization was completed in 12.29 seconds.
2026-10-01 19:20:23.021 [Thread-28] INFO  Saving '/tmp/rc1.ses'...
2026-10-01 19:21:19.042 [main] INFO  Freerouting v1.9.0 (build-date: 2023-10-30)
2026-10-01 19:21:19.105 [main] INFO  Settings were loaded from freerouting.json
2026-10-01 19:21:20.130 [main] INFO  Opening '/tmp/rc1_edit.dsn'...
2026-10-01 19:21:42.013 [Thread-28] INFO  Starting auto-routing...
2026-10-01 19:21:53.424 [Thread-28] INFO  Auto-routing was completed in 11.41 seconds.
2026-10-01 19:21:53.526 [Thread-28] INFO  Starting route optimization on 1 thread...
2026-10-01 19:22:05.654 [Thread-28] INFO  Route optimization was completed in 12.13 seconds.
2026-10-01 19:22:05.686 [Thread-28] INFO  Saving '/tmp/rc1.ses'...
2026-10-01 21:10:49.855 [main] INFO  Freerouting v1.9.0 (build-date: 2023-10-30)
2026-10-01 21:10:49.920 [main] INFO  Settings were loaded from freerouting.json
2026-10-01 21:10:50.953 [main] INFO  Opening '/tmp/rc1_edit.dsn'...
2026-10-01 21:11:13.083 [Thread-28] INFO  Starting auto-routing...
2026-10-01 21:11:21.923 [Thread-28] INFO  Auto-routing was completed in 8.84 seconds.
2026-10-01 21:11:22.025 [Thread-28] INFO  Starting route optimization on 1 thread...
2026-10-01 21:11:31.455 [Thread-28] INFO  Route optimization was completed in 9.43 seconds.
2026-10-01 21:11:31.480 [Thread-28] INFO  Saving '/tmp/rc1.ses'...
2026-10-01 21:12:22.405 [main] INFO  Freerouting v1.9.0 (build-date: 2023-10-30)
2026-10-01 21:12:22.463 [main] INFO  Settings were loaded from freerouting.json
2026-10-01 21:12:23.499 [main] INFO  Opening '/tmp/rc1_edit.dsn'...
2026-10-01 21:12:44.944 [Thread-28] INFO  Starting auto-routing...
2026-10-01 21:12:54.385 [Thread-28] INFO  Auto-routing was completed in 9.44 seconds.
2026-10-01 21:12:54.487 [Thread-28] INFO  Starting route optimization on 1 thread...
2026-10-01 21:13:04.486 [Thread-28] INFO  Route optimization was completed in 10.00 seconds.
2026-10-01 21:13:04.508 [Thread-28] INFO  Saving '/tmp/rc1.ses'...
2026-10-01 21:13:51.525 [main] INFO  Freerouting v1.9.0 (build-date: 2023-10-30)
2026-10-01 21:13:51.576 [main] INFO  Settings were loaded from freerouting.json
2026-10-01 21:13:52.597 [main] INFO  Opening '/tmp/rc1_edit.dsn'...
2026-10-01 21:14:14.071 [Thread-28] INFO  Starting auto-routing...
2026-10-01 21:14:23.802 [Thread-28] INFO  Auto-routing was completed in 9.73 seconds.
2026-10-01 21:14:23.903 [Thread-28] INFO  Starting route optimization on 1 thread...
2026-10-01 21:14:33.508 [Thread-28] INFO  Route optimization was completed in 9.60 seconds.
2026-10-01 21:14:33.536 [Thread-28] INFO  Saving '/tmp/rc1.ses'...
2026-10-01 21:15:24.204 [main] INFO  Freerouting v1.9.0 (build-date: 2023-10-30)
2026-10-01 21:15:24.251 [main] INFO  Settings were loaded from freerouting.json
2026-10-01 21:15:25.276 [main] INFO  Opening '/tmp/rc1_edit.dsn'...
2026-10-01 21:15:46.852 [Thread-28] INFO  Starting auto-routing...
2026-10-01 21:15:57.139 [Thread-28] INFO  Auto-routing was completed in 10.29 seconds.
2026-10-01 21:15:57.243 [Thread-28] INFO  Starting route optimization on 1 thread...
2026-10-01 21:16:06.589 [Thread-28] INFO  Route optimization was completed in 9.35 seconds.
2026-10-01 21:16:06.611 [Thread-28] INFO  Saving '/tmp/rc1.ses'...
2026-10-01 21:16:51.964 [main] INFO  Freerouting v1.9.0 (build-date: 2023-10-30)
2026-10-01 21:16:52.011 [main] INFO  Settings were loaded from freerouting.json
2026-10-01 21:16:53.034 [main] INFO  Opening '/tmp/rc1_edit.dsn'...
2026-10-01 21:17:14.598 [Thread-28] INFO  Starting auto-routing...
2026-10-01 21:17:23.211 [Thread-28] INFO  Auto-routing was completed in 8.61 seconds.
2026-10-01 21:17:23.314 [Thread-28] INFO  Starting route optimization on 1 thread...
2026-10-01 21:17:33.058 [Thread-28] INFO  Route optimization was completed in 9.74 seconds.
2026-10-01 21:17:33.080 [Thread-28] INFO  Saving '/tmp/rc1.ses'...
2026-10-01 21:36:45.997 [main] INFO  Freerouting v1.9.0 (build-date: 2023-10-30)
2026-10-01 21:36:46.061 [main] INFO  Settings were loaded from freerouting.json
2026-10-01 21:36:47.090 [main] INFO  Opening '/tmp/rc1_edit.dsn'...
2026-10-01 21:37:09.024 [Thread-28] INFO  Starting auto-routing...
2026-10-01 21:37:18.070 [Thread-28] INFO  Auto-routing was completed in 9.04 seconds.
2026-10-01 21:37:18.173 [Thread-28] INFO  Starting route optimization on 1 thread...
2026-10-01 21:37:27.687 [Thread-28] INFO  Route optimization was completed in 9.51 seconds.
2026-10-01 21:37:27.712 [Thread-28] INFO  Saving '/tmp/rc1.ses'...
2026-10-01 21:38:13.186 [main] INFO  Freerouting v1.9.0 (build-date: 2023-10-30)
2026-10-01 21:38:13.239 [main] INFO  Settings were loaded from freerouting.json
2026-10-01 21:38:14.271 [main] INFO  Opening '/tmp/rc1_edit.dsn'...
2026-10-01 21:38:35.856 [Thread-28] INFO  Starting auto-routing...
2026-10-01 21:38:44.042 [Thread-28] INFO  Auto-routing was completed in 8.18 seconds.
2026-10-01 21:38:44.143 [Thread-28] INFO  Starting route optimization on 1 thread...
2026-10-01 21:38:53.279 [Thread-28] INFO  Route optimization was completed in 9.13 seconds.
2026-10-01 21:38:53.303 [Thread-28] INFO  Saving '/tmp/rc1.ses'...
2026-10-01 21:39:41.166 [main] INFO  Freerouting v1.9.0 (build-date: 2023-10-30)
2026-10-01 21:39:41.215 [main] INFO  Settings were loaded from freerouting.json
2026-10-01 21:39:42.248 [main] INFO  Opening '/tmp/rc1_edit.dsn'...
2026-10-01 21:40:03.840 [Thread-28] INFO  Starting auto-routing...
2026-10-01 21:40:12.684 [Thread-28] INFO  Auto-routing was completed in 8.84 seconds.
2026-10-01 21:40:12.787 [Thread-28] INFO  Starting route optimization on 1 thread...
2026-10-01 21:40:21.972 [Thread-28] INFO  Route optimization was completed in 9.18 seconds.
2026-10-01 21:40:21.998 [Thread-28] INFO  Saving '/tmp/rc1.ses'...
2026-10-01 21:41:02.117 [main] INFO  Freerouting v1.9.0 (build-date: 2023-10-30)
2026-10-01 21:41:02.172 [main] INFO  Settings were loaded from freerouting.json
2026-10-01 21:41:03.195 [main] INFO  Opening '/tmp/rc1_edit.dsn'...
2026-10-01 21:41:24.631 [Thread-28] INFO  Starting auto-routing...
2026-10-01 21:41:33.111 [Thread-28] INFO  Auto-routing was completed in 8.48 seconds.
2026-10-01 21:41:33.212 [Thread-28] INFO  Starting route optimization on 1 thread...
2026-10-01 21:41:42.130 [Thread-28] INFO  Route optimization was completed in 8.92 seconds.
2026-10-01 21:41:42.155 [Thread-28] INFO  Saving '/tmp/rc1.ses'...
2026-10-01 21:42:23.369 [main] INFO  Freerouting v1.9.0 (build-date: 2023-10-30)
2026-10-01 21:42:23.417 [main] INFO  Settings were loaded from freerouting.json
2026-10-01 21:42:24.442 [main] INFO  Opening '/tmp/rc1_edit.dsn'...
2026-10-01 21:42:46.133 [Thread-28] INFO  Starting auto-routing...
2026-10-01 21:42:53.516 [Thread-28] INFO  Auto-routing was completed in 7.38 seconds.
2026-10-01 21:42:53.620 [Thread-28] INFO  Starting route optimization on 1 thread...
2026-10-01 21:43:02.075 [Thread-28] INFO  Route optimization was completed in 8.45 seconds.
2026-10-01 21:43:02.103 [Thread-28] INFO  Saving '/tmp/rc1.ses'...
2026-10-01 21:43:42.928 [main] INFO  Freerouting v1.9.0 (build-date: 2023-10-30)
2026-10-01 21:43:43.018 [main] INFO  Settings were loaded from freerouting.json
2026-10-01 21:43:44.056 [main] INFO  Opening '/tmp/rc1_edit.dsn'...
2026-10-01 21:44:05.529 [Thread-28] INFO  Starting auto-routing...
2026-10-01 21:44:13.318 [Thread-28] INFO  Auto-routing was completed in 7.79 seconds.
2026-10-01 21:44:13.419 [Thread-28] INFO  Starting route optimization on 1 thread...
2026-10-01 21:44:22.784 [Thread-28] INFO  Route optimization was completed in 9.36 seconds.
2026-10-01 21:44:22.805 [Thread-28] INFO  Saving '/tmp/rc1.ses'...
2026-10-01 21:45:07.255 [main] INFO  Freerouting v1.9.0 (build-date: 2023-10-30)
2026-10-01 21:45:07.307 [main] INFO  Settings were loaded from freerouting.json
2026-10-01 21:45:08.331 [main] INFO  Opening '/tmp/rc1_edit.dsn'...
2026-10-01 21:45:29.819 [Thread-28] INFO  Starting auto-routing...
2026-10-01 21:45:38.681 [Thread-28] INFO  Auto-routing was completed in 8.86 seconds.
2026-10-01 21:45:38.782 [Thread-28] INFO  Starting route optimization on 1 thread...
2026-10-01 21:45:48.144 [Thread-28] INFO  Route optimization was completed in 9.36 seconds.
2026-10-01 21:45:48.165 [Thread-28] INFO  Saving '/tmp/rc1.ses'...
2026-10-01 21:46:29.120 [main] INFO  Freerouting v1.9.0 (build-date: 2023-10-30)
2026-10-01 21:46:29.179 [main] INFO  Settings were loaded from freerouting.json
2026-10-01 21:46:30.203 [main] INFO  Opening '/tmp/rc1_edit.dsn'...
2026-10-01 21:46:51.856 [Thread-28] INFO  Starting auto-routing...
2026-10-01 21:47:01.779 [Thread-28] INFO  Auto-routing was completed in 9.92 seconds.
2026-10-01 21:47:01.883 [Thread-28] INFO  Starting route optimization on 1 thread...
2026-10-01 21:47:11.400 [Thread-28] INFO  Route optimization was completed in 9.52 seconds.
2026-10-01 21:47:11.427 [Thread-28] INFO  Saving '/tmp/rc1.ses'...
