** Drc report for ../../OSBAMS_Pi_Display_Power_RevA_RC1/kicad/OSBAMS_Pi_Display_Power_RevA.kicad_pcb **
** Created on 2026-10-01 14:44:02 **

** Found 136 DRC violations **
[silk_overlap]: Silkscreen overlap
    Rule: board setup constraints silk; Severity: warning
    @(50.0000 mm, 69.0000 mm): PCB Text 'RC1.1 - NOT FOR FAB' on F.Silkscreen
    @(56.0000 mm, 68.4000 mm): PCB Text '1,2=+5V 3,4=GND' on F.Silkscreen
[silk_overlap]: Silkscreen overlap
    Rule: board setup constraints silk; Severity: warning
    @(75.2627 mm, 39.4775 mm): Line on F.Silkscreen
    @(75.4000 mm, 18.3000 mm): Line on F.Silkscreen
[silk_overlap]: Silkscreen overlap
    Rule: board setup constraints silk; Severity: warning
    @(75.2627 mm, 40.5225 mm): Line on F.Silkscreen
    @(75.4000 mm, 18.3000 mm): Line on F.Silkscreen
[silk_overlap]: Silkscreen overlap
    Rule: board setup constraints silk; Severity: warning
    @(75.2627 mm, 42.9775 mm): Line on F.Silkscreen
    @(75.4000 mm, 18.3000 mm): Line on F.Silkscreen
[silk_overlap]: Silkscreen overlap
    Rule: board setup constraints silk; Severity: warning
    @(56.0000 mm, 52.0000 mm): PCB Text 'R2/R3 DNP - TRIM OPTION' on F.Silkscreen
    @(76.0000 mm, 55.5000 mm): Circle on F.Silkscreen
[silk_overlap]: Silkscreen overlap
    Rule: board setup constraints silk; Severity: warning
    @(50.0000 mm, 17.0000 mm): Line on F.Silkscreen
    @(24.6000 mm, 18.3000 mm): Line on F.Silkscreen
[silk_overlap]: Silkscreen overlap
    Rule: board setup constraints silk; Severity: warning
    @(50.0000 mm, 37.0000 mm): Line on F.Silkscreen
    @(50.0000 mm, 38.5000 mm): PCB Text 'ISOLATION BARRIER' on F.Silkscreen
[silk_overlap]: Silkscreen overlap
    Rule: board setup constraints silk; Severity: warning
    @(14.0000 mm, 17.0000 mm): Circle on F.Silkscreen
    @(7.0000 mm, 18.5000 mm): PCB Text '+12V   GND' on F.Silkscreen
[silk_overlap]: Silkscreen overlap
    Rule: board setup constraints silk; Severity: warning
    @(30.5000 mm, 12.9200 mm): Line on F.Silkscreen
    @(24.6000 mm, 18.3000 mm): Line on F.Silkscreen
[silk_overlap]: Silkscreen overlap
    Rule: board setup constraints silk; Severity: warning
    @(30.5400 mm, 12.9200 mm): Line on F.Silkscreen
    @(24.6000 mm, 18.3000 mm): Line on F.Silkscreen
[silk_overlap]: Silkscreen overlap
    Rule: board setup constraints silk; Severity: warning
    @(30.5800 mm, 12.9200 mm): Line on F.Silkscreen
    @(24.6000 mm, 18.3000 mm): Line on F.Silkscreen
[silk_overlap]: Silkscreen overlap
    Rule: board setup constraints silk; Severity: warning
    @(30.6200 mm, 12.9210 mm): Line on F.Silkscreen
    @(24.6000 mm, 18.3000 mm): Line on F.Silkscreen
[silk_overlap]: Silkscreen overlap
    Rule: board setup constraints silk; Severity: warning
    @(30.6600 mm, 12.9230 mm): Line on F.Silkscreen
    @(24.6000 mm, 18.3000 mm): Line on F.Silkscreen
[silk_overlap]: Silkscreen overlap
    Rule: board setup constraints silk; Severity: warning
    @(30.7000 mm, 12.9240 mm): Line on F.Silkscreen
    @(24.6000 mm, 18.3000 mm): Line on F.Silkscreen
[silk_overlap]: Silkscreen overlap
    Rule: board setup constraints silk; Severity: warning
    @(30.7400 mm, 12.9260 mm): Line on F.Silkscreen
    @(24.6000 mm, 18.3000 mm): Line on F.Silkscreen
[silk_overlap]: Silkscreen overlap
    Rule: board setup constraints silk; Severity: warning
    @(30.7800 mm, 12.9290 mm): Line on F.Silkscreen
    @(24.6000 mm, 18.3000 mm): Line on F.Silkscreen
[silk_overlap]: Silkscreen overlap
    Rule: board setup constraints silk; Severity: warning
    @(30.8200 mm, 12.9320 mm): Line on F.Silkscreen
    @(24.6000 mm, 18.3000 mm): Line on F.Silkscreen
[silk_overlap]: Silkscreen overlap
    Rule: board setup constraints silk; Severity: warning
    @(30.8600 mm, 12.9350 mm): Line on F.Silkscreen
    @(24.6000 mm, 18.3000 mm): Line on F.Silkscreen
[silk_overlap]: Silkscreen overlap
    Rule: board setup constraints silk; Severity: warning
    @(30.9000 mm, 12.9390 mm): Line on F.Silkscreen
    @(24.6000 mm, 18.3000 mm): Line on F.Silkscreen
[silk_overlap]: Silkscreen overlap
    Rule: board setup constraints silk; Severity: warning
    @(30.9400 mm, 12.9430 mm): Line on F.Silkscreen
    @(24.6000 mm, 18.3000 mm): Line on F.Silkscreen
[silk_overlap]: Silkscreen overlap
    Rule: board setup constraints silk; Severity: warning
    @(30.9800 mm, 12.9480 mm): Line on F.Silkscreen
    @(24.6000 mm, 18.3000 mm): Line on F.Silkscreen
[silk_overlap]: Silkscreen overlap
    Rule: board setup constraints silk; Severity: warning
    @(31.0200 mm, 12.9520 mm): Line on F.Silkscreen
    @(24.6000 mm, 18.3000 mm): Line on F.Silkscreen
[silk_overlap]: Silkscreen overlap
    Rule: board setup constraints silk; Severity: warning
    @(31.0600 mm, 12.9580 mm): Line on F.Silkscreen
    @(24.6000 mm, 18.3000 mm): Line on F.Silkscreen
[silk_overlap]: Silkscreen overlap
    Rule: board setup constraints silk; Severity: warning
    @(31.1000 mm, 12.9630 mm): Line on F.Silkscreen
    @(24.6000 mm, 18.3000 mm): Line on F.Silkscreen
[silk_overlap]: Silkscreen overlap
    Rule: board setup constraints silk; Severity: warning
    @(31.1400 mm, 12.9700 mm): Line on F.Silkscreen
    @(24.6000 mm, 18.3000 mm): Line on F.Silkscreen
[silk_overlap]: Silkscreen overlap
    Rule: board setup constraints silk; Severity: warning
    @(24.6000 mm, 18.3000 mm): Line on F.Silkscreen
    @(31.2610 mm, 18.0400 mm): Line on F.Silkscreen
[silk_overlap]: Silkscreen overlap
    Rule: board setup constraints silk; Severity: warning
    @(24.6000 mm, 18.3000 mm): Line on F.Silkscreen
    @(31.3010 mm, 18.0400 mm): Line on F.Silkscreen
[silk_overlap]: Silkscreen overlap
    Rule: board setup constraints silk; Severity: warning
    @(24.6000 mm, 18.3000 mm): Line on F.Silkscreen
    @(32.6210 mm, 18.0400 mm): Line on F.Silkscreen
[silk_overlap]: Silkscreen overlap
    Rule: board setup constraints silk; Severity: warning
    @(24.6000 mm, 18.3000 mm): Line on F.Silkscreen
    @(34.1410 mm, 15.1100 mm): Line on F.Silkscreen
[silk_overlap]: Silkscreen overlap
    Rule: board setup constraints silk; Severity: warning
    @(24.6000 mm, 18.3000 mm): Line on F.Silkscreen
    @(34.1810 mm, 15.1870 mm): Line on F.Silkscreen
[silk_overlap]: Silkscreen overlap
    Rule: board setup constraints silk; Severity: warning
    @(24.6000 mm, 18.3000 mm): Line on F.Silkscreen
    @(34.2210 mm, 15.2690 mm): Line on F.Silkscreen
[silk_overlap]: Silkscreen overlap
    Rule: board setup constraints silk; Severity: warning
    @(24.6000 mm, 18.3000 mm): Line on F.Silkscreen
    @(34.2610 mm, 15.3550 mm): Line on F.Silkscreen
[silk_overlap]: Silkscreen overlap
    Rule: board setup constraints silk; Severity: warning
    @(24.6000 mm, 18.3000 mm): Line on F.Silkscreen
    @(34.3010 mm, 15.4480 mm): Line on F.Silkscreen
[silk_overlap]: Silkscreen overlap
    Rule: board setup constraints silk; Severity: warning
    @(24.6000 mm, 18.3000 mm): Line on F.Silkscreen
    @(30.5000 mm, 17.0000 mm): Circle on F.Silkscreen
[silk_overlap]: Silkscreen overlap
    Rule: board setup constraints silk; Severity: warning
    @(24.6000 mm, 18.3000 mm): Line on F.Silkscreen
    @(34.3410 mm, 15.5470 mm): Line on F.Silkscreen
[silk_overlap]: Silkscreen overlap
    Rule: board setup constraints silk; Severity: warning
    @(24.6000 mm, 18.3000 mm): Line on F.Silkscreen
    @(34.3810 mm, 15.6540 mm): Line on F.Silkscreen
[silk_overlap]: Silkscreen overlap
    Rule: board setup constraints silk; Severity: warning
    @(24.6000 mm, 18.3000 mm): Line on F.Silkscreen
    @(34.4210 mm, 15.7710 mm): Line on F.Silkscreen
[silk_overlap]: Silkscreen overlap
    Rule: board setup constraints silk; Severity: warning
    @(24.6000 mm, 18.3000 mm): Line on F.Silkscreen
    @(31.1800 mm, 12.9760 mm): Line on F.Silkscreen
[silk_overlap]: Silkscreen overlap
    Rule: board setup constraints silk; Severity: warning
    @(24.6000 mm, 18.3000 mm): Line on F.Silkscreen
    @(31.2210 mm, 18.0400 mm): Line on F.Silkscreen
[silk_overlap]: Silkscreen overlap
    Rule: board setup constraints silk; Severity: warning
    @(24.6000 mm, 18.3000 mm): Line on F.Silkscreen
    @(31.3410 mm, 18.0400 mm): Line on F.Silkscreen
[silk_overlap]: Silkscreen overlap
    Rule: board setup constraints silk; Severity: warning
    @(24.6000 mm, 18.3000 mm): Line on F.Silkscreen
    @(31.3810 mm, 18.0400 mm): Line on F.Silkscreen
[silk_overlap]: Silkscreen overlap
    Rule: board setup constraints silk; Severity: warning
    @(24.6000 mm, 18.3000 mm): Line on F.Silkscreen
    @(31.4210 mm, 18.0400 mm): Line on F.Silkscreen
[silk_overlap]: Silkscreen overlap
    Rule: board setup constraints silk; Severity: warning
    @(24.6000 mm, 18.3000 mm): Line on F.Silkscreen
    @(31.4610 mm, 18.0400 mm): Line on F.Silkscreen
[silk_overlap]: Silkscreen overlap
    Rule: board setup constraints silk; Severity: warning
    @(24.6000 mm, 18.3000 mm): Line on F.Silkscreen
    @(31.5010 mm, 18.0400 mm): Line on F.Silkscreen
[silk_overlap]: Silkscreen overlap
    Rule: board setup constraints silk; Severity: warning
    @(24.6000 mm, 18.3000 mm): Line on F.Silkscreen
    @(31.5410 mm, 18.0400 mm): Line on F.Silkscreen
[silk_overlap]: Silkscreen overlap
    Rule: board setup constraints silk; Severity: warning
    @(24.6000 mm, 18.3000 mm): Line on F.Silkscreen
    @(31.5810 mm, 18.0400 mm): Line on F.Silkscreen
[silk_overlap]: Silkscreen overlap
    Rule: board setup constraints silk; Severity: warning
    @(24.6000 mm, 18.3000 mm): Line on F.Silkscreen
    @(31.7410 mm, 18.0400 mm): Line on F.Silkscreen
[silk_overlap]: Silkscreen overlap
    Rule: board setup constraints silk; Severity: warning
    @(24.6000 mm, 18.3000 mm): Line on F.Silkscreen
    @(31.6610 mm, 18.0400 mm): Line on F.Silkscreen
[silk_overlap]: Silkscreen overlap
    Rule: board setup constraints silk; Severity: warning
    @(24.6000 mm, 18.3000 mm): Line on F.Silkscreen
    @(31.7010 mm, 18.0400 mm): Line on F.Silkscreen
[silk_overlap]: Silkscreen overlap
    Rule: board setup constraints silk; Severity: warning
    @(24.6000 mm, 18.3000 mm): Line on F.Silkscreen
    @(31.7810 mm, 18.0400 mm): Line on F.Silkscreen
[silk_overlap]: Silkscreen overlap
    Rule: board setup constraints silk; Severity: warning
    @(24.6000 mm, 18.3000 mm): Line on F.Silkscreen
    @(31.8210 mm, 18.0400 mm): Line on F.Silkscreen
[silk_overlap]: Silkscreen overlap
    Rule: board setup constraints silk; Severity: warning
    @(24.6000 mm, 18.3000 mm): Line on F.Silkscreen
    @(31.8610 mm, 18.0400 mm): Line on F.Silkscreen
[silk_overlap]: Silkscreen overlap
    Rule: board setup constraints silk; Severity: warning
    @(24.6000 mm, 18.3000 mm): Line on F.Silkscreen
    @(31.6210 mm, 18.0400 mm): Line on F.Silkscreen
[silk_overlap]: Silkscreen overlap
    Rule: board setup constraints silk; Severity: warning
    @(24.6000 mm, 18.3000 mm): Line on F.Silkscreen
    @(31.9010 mm, 18.0400 mm): Line on F.Silkscreen
[silk_overlap]: Silkscreen overlap
    Rule: board setup constraints silk; Severity: warning
    @(24.6000 mm, 18.3000 mm): Line on F.Silkscreen
    @(31.9410 mm, 18.0400 mm): Line on F.Silkscreen
[silk_overlap]: Silkscreen overlap
    Rule: board setup constraints silk; Severity: warning
    @(24.6000 mm, 18.3000 mm): Line on F.Silkscreen
    @(31.9810 mm, 18.0400 mm): Line on F.Silkscreen
[silk_overlap]: Silkscreen overlap
    Rule: board setup constraints silk; Severity: warning
    @(24.6000 mm, 18.3000 mm): Line on F.Silkscreen
    @(32.0210 mm, 18.0400 mm): Line on F.Silkscreen
[silk_overlap]: Silkscreen overlap
    Rule: board setup constraints silk; Severity: warning
    @(24.6000 mm, 18.3000 mm): Line on F.Silkscreen
    @(32.0610 mm, 18.0400 mm): Line on F.Silkscreen
[silk_overlap]: Silkscreen overlap
    Rule: board setup constraints silk; Severity: warning
    @(24.6000 mm, 18.3000 mm): Line on F.Silkscreen
    @(32.1010 mm, 18.0400 mm): Line on F.Silkscreen
[silk_overlap]: Silkscreen overlap
    Rule: board setup constraints silk; Severity: warning
    @(24.6000 mm, 18.3000 mm): Line on F.Silkscreen
    @(32.1410 mm, 18.0400 mm): Line on F.Silkscreen
[silk_overlap]: Silkscreen overlap
    Rule: board setup constraints silk; Severity: warning
    @(24.6000 mm, 18.3000 mm): Line on F.Silkscreen
    @(32.1810 mm, 18.0400 mm): Line on F.Silkscreen
[silk_overlap]: Silkscreen overlap
    Rule: board setup constraints silk; Severity: warning
    @(24.6000 mm, 18.3000 mm): Line on F.Silkscreen
    @(32.2210 mm, 18.0400 mm): Line on F.Silkscreen
[silk_overlap]: Silkscreen overlap
    Rule: board setup constraints silk; Severity: warning
    @(24.6000 mm, 18.3000 mm): Line on F.Silkscreen
    @(32.3010 mm, 18.0400 mm): Line on F.Silkscreen
[silk_overlap]: Silkscreen overlap
    Rule: board setup constraints silk; Severity: warning
    @(24.6000 mm, 18.3000 mm): Line on F.Silkscreen
    @(32.3410 mm, 18.0400 mm): Line on F.Silkscreen
[silk_overlap]: Silkscreen overlap
    Rule: board setup constraints silk; Severity: warning
    @(24.6000 mm, 18.3000 mm): Line on F.Silkscreen
    @(32.3810 mm, 18.0400 mm): Line on F.Silkscreen
[silk_overlap]: Silkscreen overlap
    Rule: board setup constraints silk; Severity: warning
    @(24.6000 mm, 18.3000 mm): Line on F.Silkscreen
    @(32.4210 mm, 18.0400 mm): Line on F.Silkscreen
[silk_overlap]: Silkscreen overlap
    Rule: board setup constraints silk; Severity: warning
    @(24.6000 mm, 18.3000 mm): Line on F.Silkscreen
    @(32.2610 mm, 18.0400 mm): Line on F.Silkscreen
[silk_overlap]: Silkscreen overlap
    Rule: board setup constraints silk; Severity: warning
    @(24.6000 mm, 18.3000 mm): Line on F.Silkscreen
    @(32.4610 mm, 18.0400 mm): Line on F.Silkscreen
[silk_overlap]: Silkscreen overlap
    Rule: board setup constraints silk; Severity: warning
    @(24.6000 mm, 18.3000 mm): Line on F.Silkscreen
    @(32.5010 mm, 18.0400 mm): Line on F.Silkscreen
[silk_overlap]: Silkscreen overlap
    Rule: board setup constraints silk; Severity: warning
    @(24.6000 mm, 18.3000 mm): Line on F.Silkscreen
    @(32.5410 mm, 18.0400 mm): Line on F.Silkscreen
[silk_overlap]: Silkscreen overlap
    Rule: board setup constraints silk; Severity: warning
    @(24.6000 mm, 18.3000 mm): Line on F.Silkscreen
    @(32.5810 mm, 18.0400 mm): Line on F.Silkscreen
[silk_overlap]: Silkscreen overlap
    Rule: board setup constraints silk; Severity: warning
    @(24.6000 mm, 18.3000 mm): Line on F.Silkscreen
    @(32.7810 mm, 18.0400 mm): Line on F.Silkscreen
[silk_overlap]: Silkscreen overlap
    Rule: board setup constraints silk; Severity: warning
    @(24.6000 mm, 18.3000 mm): Line on F.Silkscreen
    @(32.6610 mm, 18.0400 mm): Line on F.Silkscreen
[silk_overlap]: Silkscreen overlap
    Rule: board setup constraints silk; Severity: warning
    @(24.6000 mm, 18.3000 mm): Line on F.Silkscreen
    @(32.7010 mm, 18.0400 mm): Line on F.Silkscreen
[silk_overlap]: Silkscreen overlap
    Rule: board setup constraints silk; Severity: warning
    @(24.6000 mm, 18.3000 mm): Line on F.Silkscreen
    @(32.7410 mm, 18.0400 mm): Line on F.Silkscreen
[silk_overlap]: Silkscreen overlap
    Rule: board setup constraints silk; Severity: warning
    @(24.6000 mm, 18.3000 mm): Line on F.Silkscreen
    @(32.8210 mm, 18.0400 mm): Line on F.Silkscreen
[silk_overlap]: Silkscreen overlap
    Rule: board setup constraints silk; Severity: warning
    @(24.6000 mm, 18.3000 mm): Line on F.Silkscreen
    @(32.8610 mm, 18.0400 mm): Line on F.Silkscreen
[silk_overlap]: Silkscreen overlap
    Rule: board setup constraints silk; Severity: warning
    @(24.6000 mm, 18.3000 mm): Line on F.Silkscreen
    @(32.9010 mm, 18.0400 mm): Line on F.Silkscreen
[silk_overlap]: Silkscreen overlap
    Rule: board setup constraints silk; Severity: warning
    @(24.6000 mm, 18.3000 mm): Line on F.Silkscreen
    @(32.9410 mm, 18.0400 mm): Line on F.Silkscreen
[silk_overlap]: Silkscreen overlap
    Rule: board setup constraints silk; Severity: warning
    @(24.6000 mm, 18.3000 mm): Line on F.Silkscreen
    @(32.9810 mm, 18.0400 mm): Line on F.Silkscreen
[silk_overlap]: Silkscreen overlap
    Rule: board setup constraints silk; Severity: warning
    @(24.6000 mm, 18.3000 mm): Line on F.Silkscreen
    @(33.0210 mm, 18.0400 mm): Line on F.Silkscreen
[silk_overlap]: Silkscreen overlap
    Rule: board setup constraints silk; Severity: warning
    @(24.6000 mm, 18.3000 mm): Line on F.Silkscreen
    @(33.0610 mm, 18.0400 mm): Line on F.Silkscreen
[silk_overlap]: Silkscreen overlap
    Rule: board setup constraints silk; Severity: warning
    @(24.6000 mm, 18.3000 mm): Line on F.Silkscreen
    @(33.1010 mm, 18.0400 mm): Line on F.Silkscreen
[silk_overlap]: Silkscreen overlap
    Rule: board setup constraints silk; Severity: warning
    @(24.6000 mm, 18.3000 mm): Line on F.Silkscreen
    @(33.1410 mm, 18.0400 mm): Line on F.Silkscreen
[silk_overlap]: Silkscreen overlap
    Rule: board setup constraints silk; Severity: warning
    @(24.6000 mm, 18.3000 mm): Line on F.Silkscreen
    @(33.1810 mm, 18.0400 mm): Line on F.Silkscreen
[silk_overlap]: Silkscreen overlap
    Rule: board setup constraints silk; Severity: warning
    @(24.6000 mm, 18.3000 mm): Line on F.Silkscreen
    @(33.2210 mm, 18.0400 mm): Line on F.Silkscreen
[silk_overlap]: Silkscreen overlap
    Rule: board setup constraints silk; Severity: warning
    @(24.6000 mm, 18.3000 mm): Line on F.Silkscreen
    @(33.3010 mm, 14.0170 mm): Line on F.Silkscreen
[silk_overlap]: Silkscreen overlap
    Rule: board setup constraints silk; Severity: warning
    @(24.6000 mm, 18.3000 mm): Line on F.Silkscreen
    @(33.3410 mm, 14.0550 mm): Line on F.Silkscreen
[silk_overlap]: Silkscreen overlap
    Rule: board setup constraints silk; Severity: warning
    @(24.6000 mm, 18.3000 mm): Line on F.Silkscreen
    @(33.3810 mm, 14.0930 mm): Line on F.Silkscreen
[silk_overlap]: Silkscreen overlap
    Rule: board setup constraints silk; Severity: warning
    @(24.6000 mm, 18.3000 mm): Line on F.Silkscreen
    @(33.4210 mm, 14.1330 mm): Line on F.Silkscreen
[silk_overlap]: Silkscreen overlap
    Rule: board setup constraints silk; Severity: warning
    @(24.6000 mm, 18.3000 mm): Line on F.Silkscreen
    @(33.2610 mm, 18.0400 mm): Line on F.Silkscreen
[silk_overlap]: Silkscreen overlap
    Rule: board setup constraints silk; Severity: warning
    @(24.6000 mm, 18.3000 mm): Line on F.Silkscreen
    @(33.4610 mm, 14.1740 mm): Line on F.Silkscreen
[silk_overlap]: Silkscreen overlap
    Rule: board setup constraints silk; Severity: warning
    @(24.6000 mm, 18.3000 mm): Line on F.Silkscreen
    @(33.5010 mm, 14.2160 mm): Line on F.Silkscreen
[silk_overlap]: Silkscreen overlap
    Rule: board setup constraints silk; Severity: warning
    @(24.6000 mm, 18.3000 mm): Line on F.Silkscreen
    @(33.5410 mm, 14.2590 mm): Line on F.Silkscreen
[silk_overlap]: Silkscreen overlap
    Rule: board setup constraints silk; Severity: warning
    @(24.6000 mm, 18.3000 mm): Line on F.Silkscreen
    @(33.5810 mm, 14.3030 mm): Line on F.Silkscreen
[silk_overlap]: Silkscreen overlap
    Rule: board setup constraints silk; Severity: warning
    @(24.6000 mm, 18.3000 mm): Line on F.Silkscreen
    @(33.6210 mm, 14.3490 mm): Line on F.Silkscreen
[silk_overlap]: Silkscreen overlap
    Rule: board setup constraints silk; Severity: warning
    @(24.6000 mm, 18.3000 mm): Line on F.Silkscreen
    @(33.6610 mm, 14.3960 mm): Line on F.Silkscreen
[silk_overlap]: Silkscreen overlap
    Rule: board setup constraints silk; Severity: warning
    @(24.6000 mm, 18.3000 mm): Line on F.Silkscreen
    @(33.7010 mm, 14.4440 mm): Line on F.Silkscreen
[silk_overlap]: Silkscreen overlap
    Rule: board setup constraints silk; Severity: warning
    @(24.6000 mm, 18.3000 mm): Line on F.Silkscreen
    @(33.7410 mm, 14.4950 mm): Line on F.Silkscreen
[silk_overlap]: Silkscreen overlap
    Rule: board setup constraints silk; Severity: warning
    @(24.6000 mm, 18.3000 mm): Line on F.Silkscreen
    @(33.7810 mm, 14.5460 mm): Line on F.Silkscreen
[silk_overlap]: Silkscreen overlap
    Rule: board setup constraints silk; Severity: warning
    @(24.6000 mm, 18.3000 mm): Line on F.Silkscreen
    @(33.8210 mm, 14.6000 mm): Line on F.Silkscreen
[silk_overlap]: Silkscreen overlap
    Rule: board setup constraints silk; Severity: warning
    @(24.6000 mm, 18.3000 mm): Line on F.Silkscreen
    @(33.8610 mm, 14.6550 mm): Line on F.Silkscreen
[silk_overlap]: Silkscreen overlap
    Rule: board setup constraints silk; Severity: warning
    @(24.6000 mm, 18.3000 mm): Line on F.Silkscreen
    @(33.9010 mm, 14.7130 mm): Line on F.Silkscreen
[silk_overlap]: Silkscreen overlap
    Rule: board setup constraints silk; Severity: warning
    @(24.6000 mm, 18.3000 mm): Line on F.Silkscreen
    @(33.9410 mm, 14.7720 mm): Line on F.Silkscreen
[silk_overlap]: Silkscreen overlap
    Rule: board setup constraints silk; Severity: warning
    @(24.6000 mm, 18.3000 mm): Line on F.Silkscreen
    @(33.9810 mm, 14.8340 mm): Line on F.Silkscreen
[silk_overlap]: Silkscreen overlap
    Rule: board setup constraints silk; Severity: warning
    @(24.6000 mm, 18.3000 mm): Line on F.Silkscreen
    @(34.0210 mm, 14.8980 mm): Line on F.Silkscreen
[silk_overlap]: Silkscreen overlap
    Rule: board setup constraints silk; Severity: warning
    @(24.6000 mm, 18.3000 mm): Line on F.Silkscreen
    @(34.0610 mm, 14.9660 mm): Line on F.Silkscreen
[silk_overlap]: Silkscreen overlap
    Rule: board setup constraints silk; Severity: warning
    @(24.6000 mm, 18.3000 mm): Line on F.Silkscreen
    @(34.1010 mm, 15.0360 mm): Line on F.Silkscreen
[silk_over_copper]: Silkscreen clipped by solder mask
    Local override; Severity: warning
    @(75.4000 mm, 43.7000 mm): Line on F.Silkscreen
[lib_footprint_issues]: The current configuration does not include the library 'TestPoint'.
    Local override; Severity: warning
    @(10.0000 mm, 4.5000 mm): Footprint TP1
[lib_footprint_issues]: The current configuration does not include the library 'MountingHole'.
    Local override; Severity: warning
    @(4.0000 mm, 4.0000 mm): Footprint H1
[lib_footprint_issues]: The current configuration does not include the library 'TestPoint'.
    Local override; Severity: warning
    @(14.0000 mm, 17.0000 mm): Footprint TP2
[lib_footprint_issues]: The current configuration does not include the library 'LED_SMD'.
    Local override; Severity: warning
    @(91.0000 mm, 45.0000 mm): Footprint D1
[lib_footprint_issues]: The current configuration does not include the library 'OSBAMS_PiPwr'.
    Local override; Severity: warning
    @(50.0000 mm, 31.0000 mm): Footprint U1
[lib_footprint_issues]: The current configuration does not include the library 'MountingHole'.
    Local override; Severity: warning
    @(4.0000 mm, 66.0000 mm): Footprint H3
[lib_footprint_issues]: The current configuration does not include the library 'Fiducial'.
    Local override; Severity: warning
    @(12.0000 mm, 66.0000 mm): Footprint FID1
[lib_footprint_issues]: The current configuration does not include the library 'MountingHole'.
    Local override; Severity: warning
    @(96.0000 mm, 66.0000 mm): Footprint H4
[lib_footprint_issues]: The current configuration does not include the library 'Capacitor_SMD'.
    Local override; Severity: warning
    @(31.0000 mm, 24.0000 mm): Footprint C1
[lib_footprint_issues]: The current configuration does not include the library 'Connector_Molex'.
    Local override; Severity: warning
    @(88.0000 mm, 60.9000 mm): Footprint J_OUT
[lib_footprint_issues]: The current configuration does not include the library 'MountingHole'.
    Local override; Severity: warning
    @(96.0000 mm, 4.0000 mm): Footprint H2
[lib_footprint_issues]: The current configuration does not include the library 'Capacitor_THT'.
    Local override; Severity: warning
    @(28.7500 mm, 17.0000 mm): Footprint C2
[lib_footprint_issues]: The current configuration does not include the library 'Fuse'.
    Local override; Severity: warning
    @(80.7000 mm, 46.0000 mm): Footprint F2
[lib_footprint_issues]: The current configuration does not include the library 'Resistor_SMD'.
    Local override; Severity: warning
    @(75.5000 mm, 40.0000 mm): Footprint R2
[lib_footprint_issues]: The current configuration does not include the library 'Capacitor_SMD'.
    Local override; Severity: warning
    @(86.5000 mm, 55.0000 mm): Footprint C6
[lib_footprint_issues]: The current configuration does not include the library 'TestPoint'.
    Local override; Severity: warning
    @(87.5000 mm, 47.8000 mm): Footprint TP4
[lib_footprint_issues]: The current configuration does not include the library 'Capacitor_SMD'.
    Local override; Severity: warning
    @(86.5000 mm, 52.0000 mm): Footprint C5
[lib_footprint_issues]: The current configuration does not include the library 'TestPoint'.
    Local override; Severity: warning
    @(94.0000 mm, 50.0000 mm): Footprint TP5
[lib_footprint_issues]: The current configuration does not include the library 'Capacitor_THT'.
    Local override; Severity: warning
    @(76.0000 mm, 53.0000 mm): Footprint C4
[lib_footprint_issues]: The current configuration does not include the library 'Diode_SMD'.
    Local override; Severity: warning
    @(31.0000 mm, 8.5000 mm): Footprint TVS1
[lib_footprint_issues]: The current configuration does not include the library 'Resistor_SMD'.
    Local override; Severity: warning
    @(75.5000 mm, 43.5000 mm): Footprint R3
[lib_footprint_issues]: The current configuration does not include the library 'Fiducial'.
    Local override; Severity: warning
    @(88.0000 mm, 5.0000 mm): Footprint FID2
[lib_footprint_issues]: The current configuration does not include the library 'TestPoint'.
    Local override; Severity: warning
    @(80.0000 mm, 26.0000 mm): Footprint TP3
[lib_footprint_issues]: The current configuration does not include the library 'Connector_Molex'.
    Local override; Severity: warning
    @(9.1000 mm, 14.0000 mm): Footprint J_IN
[lib_footprint_issues]: The current configuration does not include the library 'Resistor_SMD'.
    Local override; Severity: warning
    @(91.0000 mm, 41.5000 mm): Footprint R1
[lib_footprint_issues]: The current configuration does not include the library 'Fiducial'.
    Local override; Severity: warning
    @(95.0000 mm, 40.0000 mm): Footprint FID3
[lib_footprint_issues]: The current configuration does not include the library 'Fuse'.
    Local override; Severity: warning
    @(20.0000 mm, 8.0000 mm): Footprint F1

** Found 0 unconnected pads **

** Found 0 Footprint errors **

** End of Report **
