** Drc report for ../../OSBAMS_Pi_Display_Power_RevA_RC1/kicad/OSBAMS_Pi_Display_Power_RevA.kicad_pcb **
** Created on 2026-10-01 08:28:46 **

** Found 48 DRC violations **
[silk_overlap]: Silkscreen overlap
    Rule: board setup constraints silk; Severity: warning
    @(50.0000 mm, 17.0000 mm): Line on F.Silkscreen
    @(24.6000 mm, 18.3000 mm): Line on F.Silkscreen
[silk_overlap]: Silkscreen overlap
    Rule: board setup constraints silk; Severity: warning
    @(50.0000 mm, 37.0000 mm): Line on F.Silkscreen
    @(50.0000 mm, 38.5000 mm): PCB Text 'ISOLATION BARRIER' on F.Silkscreen
[silk_overlap]: Silkscreen overlap
    Rule: board setup constraints silk; Severity: warning
    @(30.5000 mm, 17.0000 mm): Circle on F.Silkscreen
    @(24.6000 mm, 18.3000 mm): Line on F.Silkscreen
[silk_overlap]: Silkscreen overlap
    Rule: board setup constraints silk; Severity: warning
    @(4.5000 mm, 11.0000 mm): PCB Text '+12V   GND' on F.Silkscreen
    @(0.5000 mm, 11.5000 mm): Line on F.Silkscreen
[silk_overlap]: Silkscreen overlap
    Rule: board setup constraints silk; Severity: warning
    @(10.0000 mm, 6.3000 mm): Footprint Text '12V_IN' of TP1
    @(12.0000 mm, 10.2500 mm): Line on F.Silkscreen
[silk_overlap]: Silkscreen overlap
    Rule: board setup constraints silk; Severity: warning
    @(10.0000 mm, 6.3000 mm): Footprint Text '12V_IN' of TP1
    @(12.0000 mm, 5.7500 mm): Line on F.Silkscreen
[silk_overlap]: Silkscreen overlap
    Rule: board setup constraints silk; Severity: warning
    @(4.5000 mm, 11.0000 mm): PCB Text '+12V   GND' on F.Silkscreen
    @(11.0000 mm, 11.5000 mm): Line on F.Silkscreen
[silk_overlap]: Silkscreen overlap
    Rule: board setup constraints silk; Severity: warning
    @(26.5500 mm, 15.8000 mm): Line on F.Silkscreen
    @(24.6000 mm, 18.3000 mm): Line on F.Silkscreen
[silk_overlap]: Silkscreen overlap
    Rule: board setup constraints silk; Severity: warning
    @(56.0000 mm, 63.0000 mm): PCB Text 'ISOLATED 5V OUT' on F.Silkscreen
    @(71.0000 mm, 60.0000 mm): Circle on F.Silkscreen
[silk_overlap]: Silkscreen overlap
    Rule: board setup constraints silk; Severity: warning
    @(87.7000 mm, 60.5000 mm): Line on F.Silkscreen
    @(87.0000 mm, 61.3000 mm): Footprint Text 'PI_GND' of TP5
[silk_over_copper]: Silkscreen clipped by solder mask
    Local override; Severity: warning
    @(4.5000 mm, 11.0000 mm): PCB Text '+12V   GND' on F.Silkscreen
[silk_over_copper]: Silkscreen clipped by solder mask
    Local override; Severity: warning
    @(29.0000 mm, 10.4000 mm): Line on F.Silkscreen
[silk_over_copper]: Silkscreen clipped by solder mask
    Local override; Severity: warning
    @(33.0000 mm, 6.6000 mm): Line on F.Silkscreen
[silk_over_copper]: Silkscreen clipped by solder mask
    Local override; Severity: warning
    @(10.0000 mm, 6.3000 mm): Footprint Text '12V_IN' of TP1
[silk_over_copper]: Silkscreen clipped by solder mask
    Local override; Severity: warning
    @(78.4500 mm, 40.0000 mm): Line on F.Silkscreen
[silk_over_copper]: Silkscreen clipped by solder mask
    Local override; Severity: warning
    @(78.4500 mm, 52.0000 mm): Line on F.Silkscreen
[silk_over_copper]: Silkscreen clipped by solder mask
    Local override; Severity: warning
    @(82.9500 mm, 40.0000 mm): Line on F.Silkscreen
[silk_over_copper]: Silkscreen clipped by solder mask
    Local override; Severity: warning
    @(82.9500 mm, 52.0000 mm): Line on F.Silkscreen
[silk_over_copper]: Silkscreen clipped by solder mask
    Local override; Severity: warning
    @(12.0000 mm, 5.7500 mm): Line on F.Silkscreen
[silk_over_copper]: Silkscreen clipped by solder mask
    Local override; Severity: warning
    @(12.0000 mm, 10.2500 mm): Line on F.Silkscreen
[silk_over_copper]: Silkscreen clipped by solder mask
    Local override; Severity: warning
    @(24.0000 mm, 5.7500 mm): Line on F.Silkscreen
[silk_over_copper]: Silkscreen clipped by solder mask
    Local override; Severity: warning
    @(24.0000 mm, 10.2500 mm): Line on F.Silkscreen
[text_height]: Text height out of range (board setup constraints silk text height min height 0.8000 mm; actual 0.7000 mm)
    Rule: board setup constraints silk text height; Severity: warning
    @(88.3000 mm, 68.4000 mm): PCB Text '1,2=+5V 3,4=GND' on F.Silkscreen
[lib_footprint_issues]: The current configuration does not include the library 'OSBAMS_PiPwr'.
    Local override; Severity: warning
    @(4.0000 mm, 66.0000 mm): Footprint H3
[lib_footprint_issues]: The current configuration does not include the library 'OSBAMS_PiPwr'.
    Local override; Severity: warning
    @(12.0000 mm, 66.0000 mm): Footprint FID1
[lib_footprint_issues]: The current configuration does not include the library 'OSBAMS_PiPwr'.
    Local override; Severity: warning
    @(88.0000 mm, 53.0000 mm): Footprint D1
[lib_footprint_issues]: The current configuration does not include the library 'OSBAMS_PiPwr'.
    Local override; Severity: warning
    @(50.0000 mm, 31.0000 mm): Footprint U1
[lib_footprint_issues]: The current configuration does not include the library 'OSBAMS_PiPwr'.
    Local override; Severity: warning
    @(74.5000 mm, 54.0000 mm): Footprint C6
[lib_footprint_issues]: The current configuration does not include the library 'OSBAMS_PiPwr'.
    Local override; Severity: warning
    @(31.0000 mm, 8.5000 mm): Footprint TVS1
[lib_footprint_issues]: The current configuration does not include the library 'OSBAMS_PiPwr'.
    Local override; Severity: warning
    @(88.0000 mm, 57.0000 mm): Footprint R1
[lib_footprint_issues]: The current configuration does not include the library 'OSBAMS_PiPwr'.
    Local override; Severity: warning
    @(88.0000 mm, 5.0000 mm): Footprint FID2
[lib_footprint_issues]: The current configuration does not include the library 'OSBAMS_PiPwr'.
    Local override; Severity: warning
    @(10.0000 mm, 4.5000 mm): Footprint TP1
[lib_footprint_issues]: The current configuration does not include the library 'OSBAMS_PiPwr'.
    Local override; Severity: warning
    @(80.7000 mm, 46.0000 mm): Footprint F2
[lib_footprint_issues]: The current configuration does not include the library 'OSBAMS_PiPwr'.
    Local override; Severity: warning
    @(96.0000 mm, 66.0000 mm): Footprint H4
[lib_footprint_issues]: The current configuration does not include the library 'OSBAMS_PiPwr'.
    Local override; Severity: warning
    @(74.5000 mm, 50.0000 mm): Footprint C5
[lib_footprint_issues]: The current configuration does not include the library 'OSBAMS_PiPwr'.
    Local override; Severity: warning
    @(18.0000 mm, 8.0000 mm): Footprint F1
[lib_footprint_issues]: The current configuration does not include the library 'OSBAMS_PiPwr'.
    Local override; Severity: warning
    @(4.0000 mm, 4.0000 mm): Footprint H1
[lib_footprint_issues]: The current configuration does not include the library 'OSBAMS_PiPwr'.
    Local override; Severity: warning
    @(80.5000 mm, 59.5000 mm): Footprint TP4
[lib_footprint_issues]: The current configuration does not include the library 'OSBAMS_PiPwr'.
    Local override; Severity: warning
    @(87.0000 mm, 59.5000 mm): Footprint TP5
[lib_footprint_issues]: The current configuration does not include the library 'OSBAMS_PiPwr'.
    Local override; Severity: warning
    @(95.0000 mm, 40.0000 mm): Footprint FID3
[lib_footprint_issues]: The current configuration does not include the library 'OSBAMS_PiPwr'.
    Local override; Severity: warning
    @(14.0000 mm, 17.0000 mm): Footprint TP2
[lib_footprint_issues]: The current configuration does not include the library 'OSBAMS_PiPwr'.
    Local override; Severity: warning
    @(30.5000 mm, 17.0000 mm): Footprint C2
[lib_footprint_issues]: The current configuration does not include the library 'OSBAMS_PiPwr'.
    Local override; Severity: warning
    @(71.0000 mm, 60.0000 mm): Footprint C4
[lib_footprint_issues]: The current configuration does not include the library 'OSBAMS_PiPwr'.
    Local override; Severity: warning
    @(81.7000 mm, 63.0000 mm): Footprint J_OUT
[lib_footprint_issues]: The current configuration does not include the library 'OSBAMS_PiPwr'.
    Local override; Severity: warning
    @(6.0000 mm, 14.0000 mm): Footprint J_IN
[lib_footprint_issues]: The current configuration does not include the library 'OSBAMS_PiPwr'.
    Local override; Severity: warning
    @(96.0000 mm, 4.0000 mm): Footprint H2
[lib_footprint_issues]: The current configuration does not include the library 'OSBAMS_PiPwr'.
    Local override; Severity: warning
    @(80.0000 mm, 26.0000 mm): Footprint TP3
[lib_footprint_issues]: The current configuration does not include the library 'OSBAMS_PiPwr'.
    Local override; Severity: warning
    @(31.0000 mm, 24.0000 mm): Footprint C1

** Found 0 unconnected pads **

** Found 0 Footprint errors **

** End of Report **
