** Drc report for OSBAMS_Rev2_RC13.kicad_pcb **
** Created on 2026-10-01T21:47:41 **
** Report includes: Errors, Warnings, Exclusions **

** Found 2 DRC violations **
[track_dangling]: Track has unconnected end
    Local override; warning
    @(183.2500 mm, 93.2500 mm): Track [3V3_HOST] on F.Cu, length 0.5000 mm
[silk_overlap]: Silkscreen clearance
    Rule: board setup constraints silk; warning
    @(156.1000 mm, 142.8000 mm): Footprint text of J9 (1)
    @(156.3000 mm, 143.9000 mm): Segment of J9 on F.Silkscreen

** Found 7 unconnected pads **
[unconnected_items]: Missing connection between items
    Local override; error
    @(100.5000 mm, 60.5000 mm): Zone [GND] on F.Cu, priority 2
    @(100.5000 mm, 60.5000 mm): Zone [GND] on In1.Cu, priority 2
[unconnected_items]: Missing connection between items
    Local override; error
    @(100.5000 mm, 60.5000 mm): Zone [GND] on F.Cu, priority 2
    @(100.5000 mm, 60.5000 mm): Zone [GND] on F.Cu, priority 2
[unconnected_items]: Missing connection between items
    Local override; error
    @(100.5000 mm, 60.5000 mm): Zone [GND] on F.Cu, priority 2
    @(100.5000 mm, 60.5000 mm): Zone [GND] on F.Cu, priority 2
[unconnected_items]: Missing connection between items
    Local override; error
    @(100.5000 mm, 60.5000 mm): Zone [GND] on In2.Cu, priority 2
    @(100.5000 mm, 60.5000 mm): Zone [GND] on F.Cu, priority 2
[unconnected_items]: Missing connection between items
    Local override; error
    @(174.5000 mm, 62.5000 mm): Zone [GND_HOST] on F.Cu, priority 3
    @(174.5000 mm, 62.5000 mm): Zone [GND_HOST] on F.Cu, priority 3
[unconnected_items]: Missing connection between items
    Local override; error
    @(174.5000 mm, 62.5000 mm): Zone [GND_HOST] on F.Cu, priority 3
    @(174.5000 mm, 62.5000 mm): Zone [GND_HOST] on F.Cu, priority 3
[unconnected_items]: Missing connection between items
    Local override; error
    @(174.5000 mm, 62.5000 mm): Zone [GND_HOST] on B.Cu, priority 3
    @(174.5000 mm, 62.5000 mm): Zone [GND_HOST] on F.Cu, priority 3

** Found 0 Footprint errors **

** Ignored checks **
    - Footprint has no courtyard defined
    - Track endpoint not centered on via
    - Tuning profile track geometries
    - Footprint doesn't match symbol's footprint filters
    - Footprint component type doesn't match footprint pads

** End of Report **
