** Drc report for OSBAMS_Rev2_RC1.kicad_pcb **
** Created on 2026-10-01T09:09:57 **
** Report includes: Errors, Warnings, Exclusions **

** Found 4 DRC violations **
[silk_over_copper]: Silkscreen clipped by solder mask
    Local override; warning
    @(173.0000 mm, 89.5000 mm): PCB text 'ISOLATION BOUNDARY: GND | GND_HOST' on F.Silkscreen
[silk_overlap]: Silkscreen clearance
    Rule: board setup constraints silk; warning
    @(173.0000 mm, 89.5000 mm): PCB text 'ISOLATION BOUNDARY: GND | GND_HOST' on F.Silkscreen
    @(169.6406 mm, 89.4900 mm): Segment of C24 on F.Silkscreen
[silk_overlap]: Silkscreen clearance
    Rule: board setup constraints silk; warning
    @(176.4900 mm, 89.1406 mm): Segment of C25 on F.Silkscreen
    @(173.0000 mm, 89.5000 mm): PCB text 'ISOLATION BOUNDARY: GND | GND_HOST' on F.Silkscreen
[silk_overlap]: Silkscreen clearance
    Rule: board setup constraints silk; warning
    @(173.0000 mm, 89.5000 mm): PCB text 'ISOLATION BOUNDARY: GND | GND_HOST' on F.Silkscreen
    @(180.0000 mm, 88.7500 mm): Circle of TP27 on F.Silkscreen

** Found 0 unconnected pads **

** Found 0 Footprint errors **

** Ignored checks **
    - Footprint has no courtyard defined
    - Track endpoint not centered on via
    - Tuning profile track geometries
    - Footprint doesn't match symbol's footprint filters
    - Footprint component type doesn't match footprint pads

** End of Report **
